Archive member included to satisfy reference by file (symbol)

/usr/lib/gcc/avr/4.9.2/avr35/libgcc.a(_exit.o)
                              /usr/lib/gcc/avr/4.9.2/../../../../avr/lib/avr35/crtm16u2.o (exit)
/usr/lib/gcc/avr/4.9.2/../../../../avr/lib/avr35/libc.a(eerd_byte_atmega16u2.o)
                              USB-Drivers/Endpoint.o (symbol from plugin) (__eerd_byte_m16u2)
/usr/lib/gcc/avr/4.9.2/../../../../avr/lib/avr35/libc.a(eeupd_byte_atmega16u2.o)
                              USB-Drivers/Endpoint.o (symbol from plugin) (__eeupd_byte_m16u2)
/usr/lib/gcc/avr/4.9.2/avr35/libgcc.a(_udivmodsi4.o)
                              /tmp/cc9Dtwua.lto.o (__udivmodsi4)
/usr/lib/gcc/avr/4.9.2/avr35/libgcc.a(_tablejump2.o)
                              /tmp/cc9Dtwua.lto.o (__tablejump2__)
/usr/lib/gcc/avr/4.9.2/avr35/libgcc.a(_copy_data.o)
                              /tmp/cc9Dtwua.lto.o (__do_copy_data)
/usr/lib/gcc/avr/4.9.2/avr35/libgcc.a(_clear_bss.o)
                              /tmp/cc9Dtwua.lto.o (__do_clear_bss)

Allocating common symbols
Common symbol       size              file

USB_IsInitialized   0x1               USB-Drivers/USBTask.o (symbol from plugin)
USB_CurrentlySelfPowered
                    0x1               USB-Drivers/DeviceStandardReq.o (symbol from plugin)
USB_RemoteWakeupEnabled
                    0x1               USB-Drivers/DeviceStandardReq.o (symbol from plugin)
PulseMSRemaining    0x3               fast-usbserial.o (symbol from plugin)
USB_ControlRequest  0x8               USB-Drivers/USBTask.o (symbol from plugin)
USB_ConfigurationNumber
                    0x1               USB-Drivers/DeviceStandardReq.o (symbol from plugin)

Discarded input sections

 .data          0x0000000000000000        0x0 /usr/lib/gcc/avr/4.9.2/../../../../avr/lib/avr35/crtm16u2.o
 .bss           0x0000000000000000        0x0 /usr/lib/gcc/avr/4.9.2/../../../../avr/lib/avr35/crtm16u2.o
 .text          0x0000000000000000        0x0 fast-usbserial.o (symbol from plugin)
 .text          0x0000000000000000        0x0 Descriptors.o (symbol from plugin)
 .text          0x0000000000000000        0x0 USB-Drivers/Device.o (symbol from plugin)
 .text          0x0000000000000000        0x0 USB-Drivers/Endpoint.o (symbol from plugin)
 .text          0x0000000000000000        0x0 USB-Drivers/Pipe.o (symbol from plugin)
 .text          0x0000000000000000        0x0 USB-Drivers/USBController.o (symbol from plugin)
 .text          0x0000000000000000        0x0 USB-Drivers/USBInterrupt.o (symbol from plugin)
 .text          0x0000000000000000        0x0 USB-Drivers/ConfigDescriptor.o (symbol from plugin)
 .text          0x0000000000000000        0x0 USB-Drivers/DeviceStandardReq.o (symbol from plugin)
 .text          0x0000000000000000        0x0 USB-Drivers/Events.o (symbol from plugin)
 .text          0x0000000000000000        0x0 USB-Drivers/USBTask.o (symbol from plugin)
 .text          0x0000000000000000        0x0 USB-Drivers/CDC.o (symbol from plugin)
 .text          0x0000000000000000        0x0 /usr/lib/gcc/avr/4.9.2/avr35/libgcc.a(_exit.o)
 .data          0x0000000000000000        0x0 /usr/lib/gcc/avr/4.9.2/avr35/libgcc.a(_exit.o)
 .bss           0x0000000000000000        0x0 /usr/lib/gcc/avr/4.9.2/avr35/libgcc.a(_exit.o)
 .text.libgcc.mul
                0x0000000000000000        0x0 /usr/lib/gcc/avr/4.9.2/avr35/libgcc.a(_exit.o)
 .text.libgcc.div
                0x0000000000000000        0x0 /usr/lib/gcc/avr/4.9.2/avr35/libgcc.a(_exit.o)
 .text.libgcc   0x0000000000000000        0x0 /usr/lib/gcc/avr/4.9.2/avr35/libgcc.a(_exit.o)
 .text.libgcc.prologue
                0x0000000000000000        0x0 /usr/lib/gcc/avr/4.9.2/avr35/libgcc.a(_exit.o)
 .text.libgcc.builtins
                0x0000000000000000        0x0 /usr/lib/gcc/avr/4.9.2/avr35/libgcc.a(_exit.o)
 .text.libgcc.fmul
                0x0000000000000000        0x0 /usr/lib/gcc/avr/4.9.2/avr35/libgcc.a(_exit.o)
 .text.libgcc.fixed
                0x0000000000000000        0x0 /usr/lib/gcc/avr/4.9.2/avr35/libgcc.a(_exit.o)
 .text          0x0000000000000000        0x0 /usr/lib/gcc/avr/4.9.2/../../../../avr/lib/avr35/libc.a(eerd_byte_atmega16u2.o)
 .data          0x0000000000000000        0x0 /usr/lib/gcc/avr/4.9.2/../../../../avr/lib/avr35/libc.a(eerd_byte_atmega16u2.o)
 .bss           0x0000000000000000        0x0 /usr/lib/gcc/avr/4.9.2/../../../../avr/lib/avr35/libc.a(eerd_byte_atmega16u2.o)
 .text.avr-libc
                0x0000000000000000       0x10 /usr/lib/gcc/avr/4.9.2/../../../../avr/lib/avr35/libc.a(eerd_byte_atmega16u2.o)
 .text          0x0000000000000000        0x0 /usr/lib/gcc/avr/4.9.2/../../../../avr/lib/avr35/libc.a(eeupd_byte_atmega16u2.o)
 .data          0x0000000000000000        0x0 /usr/lib/gcc/avr/4.9.2/../../../../avr/lib/avr35/libc.a(eeupd_byte_atmega16u2.o)
 .bss           0x0000000000000000        0x0 /usr/lib/gcc/avr/4.9.2/../../../../avr/lib/avr35/libc.a(eeupd_byte_atmega16u2.o)
 .text.avr-libc
                0x0000000000000000       0x24 /usr/lib/gcc/avr/4.9.2/../../../../avr/lib/avr35/libc.a(eeupd_byte_atmega16u2.o)
 .text          0x0000000000000000        0x0 /usr/lib/gcc/avr/4.9.2/avr35/libgcc.a(_udivmodsi4.o)
 .data          0x0000000000000000        0x0 /usr/lib/gcc/avr/4.9.2/avr35/libgcc.a(_udivmodsi4.o)
 .bss           0x0000000000000000        0x0 /usr/lib/gcc/avr/4.9.2/avr35/libgcc.a(_udivmodsi4.o)
 .text.libgcc.mul
                0x0000000000000000        0x0 /usr/lib/gcc/avr/4.9.2/avr35/libgcc.a(_udivmodsi4.o)
 .text.libgcc   0x0000000000000000        0x0 /usr/lib/gcc/avr/4.9.2/avr35/libgcc.a(_udivmodsi4.o)
 .text.libgcc.prologue
                0x0000000000000000        0x0 /usr/lib/gcc/avr/4.9.2/avr35/libgcc.a(_udivmodsi4.o)
 .text.libgcc.builtins
                0x0000000000000000        0x0 /usr/lib/gcc/avr/4.9.2/avr35/libgcc.a(_udivmodsi4.o)
 .text.libgcc.fmul
                0x0000000000000000        0x0 /usr/lib/gcc/avr/4.9.2/avr35/libgcc.a(_udivmodsi4.o)
 .text.libgcc.fixed
                0x0000000000000000        0x0 /usr/lib/gcc/avr/4.9.2/avr35/libgcc.a(_udivmodsi4.o)
 .text          0x0000000000000000        0x0 /usr/lib/gcc/avr/4.9.2/avr35/libgcc.a(_tablejump2.o)
 .data          0x0000000000000000        0x0 /usr/lib/gcc/avr/4.9.2/avr35/libgcc.a(_tablejump2.o)
 .bss           0x0000000000000000        0x0 /usr/lib/gcc/avr/4.9.2/avr35/libgcc.a(_tablejump2.o)
 .text.libgcc.mul
                0x0000000000000000        0x0 /usr/lib/gcc/avr/4.9.2/avr35/libgcc.a(_tablejump2.o)
 .text.libgcc.div
                0x0000000000000000        0x0 /usr/lib/gcc/avr/4.9.2/avr35/libgcc.a(_tablejump2.o)
 .text.libgcc.prologue
                0x0000000000000000        0x0 /usr/lib/gcc/avr/4.9.2/avr35/libgcc.a(_tablejump2.o)
 .text.libgcc.builtins
                0x0000000000000000        0x0 /usr/lib/gcc/avr/4.9.2/avr35/libgcc.a(_tablejump2.o)
 .text.libgcc.fmul
                0x0000000000000000        0x0 /usr/lib/gcc/avr/4.9.2/avr35/libgcc.a(_tablejump2.o)
 .text.libgcc.fixed
                0x0000000000000000        0x0 /usr/lib/gcc/avr/4.9.2/avr35/libgcc.a(_tablejump2.o)
 .text          0x0000000000000000        0x0 /usr/lib/gcc/avr/4.9.2/avr35/libgcc.a(_copy_data.o)
 .data          0x0000000000000000        0x0 /usr/lib/gcc/avr/4.9.2/avr35/libgcc.a(_copy_data.o)
 .bss           0x0000000000000000        0x0 /usr/lib/gcc/avr/4.9.2/avr35/libgcc.a(_copy_data.o)
 .text.libgcc.mul
                0x0000000000000000        0x0 /usr/lib/gcc/avr/4.9.2/avr35/libgcc.a(_copy_data.o)
 .text.libgcc.div
                0x0000000000000000        0x0 /usr/lib/gcc/avr/4.9.2/avr35/libgcc.a(_copy_data.o)
 .text.libgcc   0x0000000000000000        0x0 /usr/lib/gcc/avr/4.9.2/avr35/libgcc.a(_copy_data.o)
 .text.libgcc.prologue
                0x0000000000000000        0x0 /usr/lib/gcc/avr/4.9.2/avr35/libgcc.a(_copy_data.o)
 .text.libgcc.builtins
                0x0000000000000000        0x0 /usr/lib/gcc/avr/4.9.2/avr35/libgcc.a(_copy_data.o)
 .text.libgcc.fmul
                0x0000000000000000        0x0 /usr/lib/gcc/avr/4.9.2/avr35/libgcc.a(_copy_data.o)
 .text.libgcc.fixed
                0x0000000000000000        0x0 /usr/lib/gcc/avr/4.9.2/avr35/libgcc.a(_copy_data.o)
 .text          0x0000000000000000        0x0 /usr/lib/gcc/avr/4.9.2/avr35/libgcc.a(_clear_bss.o)
 .data          0x0000000000000000        0x0 /usr/lib/gcc/avr/4.9.2/avr35/libgcc.a(_clear_bss.o)
 .bss           0x0000000000000000        0x0 /usr/lib/gcc/avr/4.9.2/avr35/libgcc.a(_clear_bss.o)
 .text.libgcc.mul
                0x0000000000000000        0x0 /usr/lib/gcc/avr/4.9.2/avr35/libgcc.a(_clear_bss.o)
 .text.libgcc.div
                0x0000000000000000        0x0 /usr/lib/gcc/avr/4.9.2/avr35/libgcc.a(_clear_bss.o)
 .text.libgcc   0x0000000000000000        0x0 /usr/lib/gcc/avr/4.9.2/avr35/libgcc.a(_clear_bss.o)
 .text.libgcc.prologue
                0x0000000000000000        0x0 /usr/lib/gcc/avr/4.9.2/avr35/libgcc.a(_clear_bss.o)
 .text.libgcc.builtins
                0x0000000000000000        0x0 /usr/lib/gcc/avr/4.9.2/avr35/libgcc.a(_clear_bss.o)
 .text.libgcc.fmul
                0x0000000000000000        0x0 /usr/lib/gcc/avr/4.9.2/avr35/libgcc.a(_clear_bss.o)
 .text.libgcc.fixed
                0x0000000000000000        0x0 /usr/lib/gcc/avr/4.9.2/avr35/libgcc.a(_clear_bss.o)

Memory Configuration

Name             Origin             Length             Attributes
text             0x0000000000000000 0x0000000000010000 xr
data             0x0000000000800060 0x000000000000ffa0 rw !x
eeprom           0x0000000000810000 0x0000000000010000 rw !x
fuse             0x0000000000820000 0x0000000000000400 rw !x
lock             0x0000000000830000 0x0000000000000400 rw !x
signature        0x0000000000840000 0x0000000000000400 rw !x
*default*        0x0000000000000000 0xffffffffffffffff

Linker script and memory map

Address of section .data set to 0x800100
LOAD /usr/lib/gcc/avr/4.9.2/../../../../avr/lib/avr35/crtm16u2.o
LOAD fast-usbserial.o
LOAD /tmp/cc9Dtwua.lto.o
LOAD Descriptors.o
LOAD USB-Drivers/Device.o
LOAD USB-Drivers/Endpoint.o
LOAD USB-Drivers/Pipe.o
LOAD USB-Drivers/USBController.o
LOAD USB-Drivers/USBInterrupt.o
LOAD USB-Drivers/ConfigDescriptor.o
LOAD USB-Drivers/DeviceStandardReq.o
LOAD USB-Drivers/Events.o
LOAD USB-Drivers/USBTask.o
LOAD USB-Drivers/CDC.o
LOAD /usr/lib/gcc/avr/4.9.2/../../../../avr/lib/avr35/libm.a
START GROUP
LOAD /usr/lib/gcc/avr/4.9.2/avr35/libgcc.a
LOAD /usr/lib/gcc/avr/4.9.2/../../../../avr/lib/avr35/libm.a
LOAD /usr/lib/gcc/avr/4.9.2/../../../../avr/lib/avr35/libc.a
END GROUP

.hash
 *(.hash)

.dynsym
 *(.dynsym)

.dynstr
 *(.dynstr)

.gnu.version
 *(.gnu.version)

.gnu.version_d
 *(.gnu.version_d)

.gnu.version_r
 *(.gnu.version_r)

.rel.init
 *(.rel.init)

.rela.init
 *(.rela.init)

.rel.text
 *(.rel.text)
 *(.rel.text.*)
 *(.rel.gnu.linkonce.t*)

.rela.text
 *(.rela.text)
 *(.rela.text.*)
 *(.rela.gnu.linkonce.t*)

.rel.fini
 *(.rel.fini)

.rela.fini
 *(.rela.fini)

.rel.rodata
 *(.rel.rodata)
 *(.rel.rodata.*)
 *(.rel.gnu.linkonce.r*)

.rela.rodata
 *(.rela.rodata)
 *(.rela.rodata.*)
 *(.rela.gnu.linkonce.r*)

.rel.data
 *(.rel.data)
 *(.rel.data.*)
 *(.rel.gnu.linkonce.d*)

.rela.data
 *(.rela.data)
 *(.rela.data.*)
 *(.rela.gnu.linkonce.d*)

.rel.ctors
 *(.rel.ctors)

.rela.ctors
 *(.rela.ctors)

.rel.dtors
 *(.rel.dtors)

.rela.dtors
 *(.rela.dtors)

.rel.got
 *(.rel.got)

.rela.got
 *(.rela.got)

.rel.bss
 *(.rel.bss)

.rela.bss
 *(.rela.bss)

.rel.plt
 *(.rel.plt)

.rela.plt
 *(.rela.plt)

.text           0x0000000000000000     0x12b8
 *(.vectors)
 .vectors       0x0000000000000000       0x74 /usr/lib/gcc/avr/4.9.2/../../../../avr/lib/avr35/crtm16u2.o
                0x0000000000000000                __vectors
                0x0000000000000000                __vector_default
 *(.vectors)
 *(.progmem.gcc*)
 .progmem.gcc_sw_table
                0x0000000000000074       0x14 /tmp/cc9Dtwua.lto.o
                0x0000000000000088                . = ALIGN (0x2)
                0x0000000000000088                __trampolines_start = .
 *(.trampolines)
 .trampolines   0x0000000000000088        0x0 linker stubs
 *(.trampolines*)
                0x0000000000000088                __trampolines_end = .
 *(.progmem*)
 .progmem.data  0x0000000000000088       0xa2 /tmp/cc9Dtwua.lto.o
                0x000000000000012a                . = ALIGN (0x2)
 *(.jumptables)
 *(.jumptables*)
 *(.lowtext)
 *(.lowtext*)
                0x000000000000012a                __ctors_start = .
 *(.ctors)
                0x000000000000012a                __ctors_end = .
                0x000000000000012a                __dtors_start = .
 *(.dtors)
                0x000000000000012a                __dtors_end = .
 SORT(*)(.ctors)
 SORT(*)(.dtors)
 *(.init0)
 .init0         0x000000000000012a        0x0 /usr/lib/gcc/avr/4.9.2/../../../../avr/lib/avr35/crtm16u2.o
                0x000000000000012a                __init
 *(.init0)
 *(.init1)
 *(.init1)
 *(.init2)
 .init2         0x000000000000012a        0xc /usr/lib/gcc/avr/4.9.2/../../../../avr/lib/avr35/crtm16u2.o
 *(.init2)
 *(.init3)
 *(.init3)
 *(.init4)
 .init4         0x0000000000000136       0x16 /usr/lib/gcc/avr/4.9.2/avr35/libgcc.a(_copy_data.o)
                0x0000000000000136                __do_copy_data
 .init4         0x000000000000014c       0x10 /usr/lib/gcc/avr/4.9.2/avr35/libgcc.a(_clear_bss.o)
                0x000000000000014c                __do_clear_bss
 *(.init4)
 *(.init5)
 *(.init5)
 *(.init6)
 *(.init6)
 *(.init7)
 *(.init7)
 *(.init8)
 *(.init8)
 *(.init9)
 .init9         0x000000000000015c        0x6 /usr/lib/gcc/avr/4.9.2/../../../../avr/lib/avr35/crtm16u2.o
 *(.init9)
 *(.text)
 .text          0x0000000000000162        0x2 /usr/lib/gcc/avr/4.9.2/../../../../avr/lib/avr35/crtm16u2.o
                0x0000000000000162                __vector_22
                0x0000000000000162                __vector_28
                0x0000000000000162                __vector_1
                0x0000000000000162                __vector_24
                0x0000000000000162                __bad_interrupt
                0x0000000000000162                __vector_6
                0x0000000000000162                __vector_3
                0x0000000000000162                __vector_25
                0x0000000000000162                __vector_13
                0x0000000000000162                __vector_17
                0x0000000000000162                __vector_19
                0x0000000000000162                __vector_7
                0x0000000000000162                __vector_27
                0x0000000000000162                __vector_5
                0x0000000000000162                __vector_4
                0x0000000000000162                __vector_9
                0x0000000000000162                __vector_2
                0x0000000000000162                __vector_21
                0x0000000000000162                __vector_15
                0x0000000000000162                __vector_8
                0x0000000000000162                __vector_26
                0x0000000000000162                __vector_14
                0x0000000000000162                __vector_10
                0x0000000000000162                __vector_16
                0x0000000000000162                __vector_18
                0x0000000000000162                __vector_20
 .text          0x0000000000000164      0xe60 /tmp/cc9Dtwua.lto.o
                0x0000000000000d22                __vector_23
                0x0000000000000d6e                __vector_11
                0x0000000000000f42                __vector_12
                0x0000000000000fc4                . = ALIGN (0x2)
 *(.text.*)
 .text.startup  0x0000000000000fc4      0x2a0 /tmp/cc9Dtwua.lto.o
                0x0000000000000fc4                main
 .text.libgcc.div
                0x0000000000001264       0x44 /usr/lib/gcc/avr/4.9.2/avr35/libgcc.a(_udivmodsi4.o)
                0x0000000000001264                __udivmodsi4
 .text.libgcc   0x00000000000012a8        0xc /usr/lib/gcc/avr/4.9.2/avr35/libgcc.a(_tablejump2.o)
                0x00000000000012a8                __tablejump2__
                0x00000000000012b4                . = ALIGN (0x2)
 *(.fini9)
 .fini9         0x00000000000012b4        0x0 /usr/lib/gcc/avr/4.9.2/avr35/libgcc.a(_exit.o)
                0x00000000000012b4                exit
                0x00000000000012b4                _exit
 *(.fini9)
 *(.fini8)
 *(.fini8)
 *(.fini7)
 *(.fini7)
 *(.fini6)
 *(.fini6)
 *(.fini5)
 *(.fini5)
 *(.fini4)
 *(.fini4)
 *(.fini3)
 *(.fini3)
 *(.fini2)
 *(.fini2)
 *(.fini1)
 *(.fini1)
 *(.fini0)
 .fini0         0x00000000000012b4        0x4 /usr/lib/gcc/avr/4.9.2/avr35/libgcc.a(_exit.o)
 *(.fini0)
                0x00000000000012b8                _etext = .

.data           0x0000000000800100       0x16 load address 0x00000000000012b8
                0x0000000000800100                PROVIDE (__data_start, .)
 *(.data)
 .data          0x0000000000800100       0x16 /tmp/cc9Dtwua.lto.o
 *(.data*)
 *(.rodata)
 *(.rodata*)
 *(.gnu.linkonce.d*)
                0x0000000000800116                . = ALIGN (0x2)
                0x0000000000800116                _edata = .
                0x0000000000800116                PROVIDE (__data_end, .)

.bss            0x0000000000800116      0x194
                0x0000000000800116                PROVIDE (__bss_start, .)
 *(.bss)
 .bss           0x0000000000800116      0x194 /tmp/cc9Dtwua.lto.o
 *(.bss*)
 *(COMMON)
                0x00000000008002aa                PROVIDE (__bss_end, .)
                0x00000000000012b8                __data_load_start = LOADADDR (.data)
                0x00000000000012ce                __data_load_end = (__data_load_start + SIZEOF (.data))

.noinit         0x00000000008002aa        0x0
                0x00000000008002aa                PROVIDE (__noinit_start, .)
 *(.noinit*)
                0x00000000008002aa                PROVIDE (__noinit_end, .)
                0x00000000008002aa                _end = .
                0x00000000008002aa                PROVIDE (__heap_start, .)

.eeprom         0x0000000000810000        0x0
 *(.eeprom*)
                0x0000000000810000                __eeprom_end = .

.fuse
 *(.fuse)
 *(.lfuse)
 *(.hfuse)
 *(.efuse)

.lock
 *(.lock*)

.signature
 *(.signature*)

.stab
 *(.stab)

.stabstr
 *(.stabstr)

.stab.excl
 *(.stab.excl)

.stab.exclstr
 *(.stab.exclstr)

.stab.index
 *(.stab.index)

.stab.indexstr
 *(.stab.indexstr)

.comment        0x0000000000000000       0x27
 *(.comment)
 .comment       0x0000000000000000       0x27 /tmp/cc9Dtwua.lto.o
                                         0x28 (size before relaxing)

.note.gnu.build-id
 *(.note.gnu.build-id)

.debug
 *(.debug)

.line
 *(.line)

.debug_srcinfo
 *(.debug_srcinfo)

.debug_sfnames
 *(.debug_sfnames)

.debug_aranges  0x0000000000000000       0x28
 *(.debug_aranges)
 .debug_aranges
                0x0000000000000000       0x28 /tmp/cc9Dtwua.lto.o

.debug_pubnames
 *(.debug_pubnames)

.debug_info     0x0000000000000000     0x2ad7
 *(.debug_info .gnu.linkonce.wi.*)
 .debug_info    0x0000000000000000      0x6ba /usr/lib/gcc/avr/4.9.2/../../../../avr/lib/avr35/crtm16u2.o
 .debug_info    0x00000000000006ba     0x241d /tmp/cc9Dtwua.lto.o

.debug_abbrev   0x0000000000000000      0xa40
 *(.debug_abbrev)
 .debug_abbrev  0x0000000000000000      0x65d /usr/lib/gcc/avr/4.9.2/../../../../avr/lib/avr35/crtm16u2.o
 .debug_abbrev  0x000000000000065d      0x3e3 /tmp/cc9Dtwua.lto.o

.debug_line     0x0000000000000000      0xb38
 *(.debug_line .debug_line.* .debug_line_end)
 .debug_line    0x0000000000000000       0x1d /usr/lib/gcc/avr/4.9.2/../../../../avr/lib/avr35/crtm16u2.o
 .debug_line    0x000000000000001d      0xb1b /tmp/cc9Dtwua.lto.o

.debug_frame    0x0000000000000000      0x134
 *(.debug_frame)
 .debug_frame   0x0000000000000000      0x134 /tmp/cc9Dtwua.lto.o

.debug_str      0x0000000000000000     0x139e
 *(.debug_str)
 .debug_str     0x0000000000000000      0x262 /usr/lib/gcc/avr/4.9.2/../../../../avr/lib/avr35/crtm16u2.o
 .debug_str     0x0000000000000262     0x113c /tmp/cc9Dtwua.lto.o
                                       0x11ef (size before relaxing)

.debug_loc      0x0000000000000000     0x1fac
 *(.debug_loc)
 .debug_loc     0x0000000000000000     0x1fac /tmp/cc9Dtwua.lto.o

.debug_macinfo
 *(.debug_macinfo)

.debug_weaknames
 *(.debug_weaknames)

.debug_funcnames
 *(.debug_funcnames)

.debug_typenames
 *(.debug_typenames)

.debug_varnames
 *(.debug_varnames)

.debug_pubtypes
 *(.debug_pubtypes)

.debug_ranges   0x0000000000000000      0x718
 *(.debug_ranges)
 .debug_ranges  0x0000000000000000      0x718 /tmp/cc9Dtwua.lto.o

.debug_macro
 *(.debug_macro)
OUTPUT(fast-usbserial.elf elf32-avr)
LOAD linker stubs

Cross Reference Table

Symbol                                            File
CALLBACK_USB_GetDescriptor                        Descriptors.o (symbol from plugin)
                                                  USB-Drivers/DeviceStandardReq.o (symbol from plugin)
CDC_Device_BytesReceived                          USB-Drivers/CDC.o (symbol from plugin)
CDC_Device_ConfigureEndpoints                     USB-Drivers/CDC.o (symbol from plugin)
                                                  fast-usbserial.o (symbol from plugin)
CDC_Device_CreateBlockingStream                   USB-Drivers/CDC.o (symbol from plugin)
CDC_Device_CreateStream                           USB-Drivers/CDC.o (symbol from plugin)
CDC_Device_Event_Stub                             USB-Drivers/CDC.o (symbol from plugin)
CDC_Device_Flush                                  USB-Drivers/CDC.o (symbol from plugin)
CDC_Device_ProcessControlRequest                  USB-Drivers/CDC.o (symbol from plugin)
                                                  fast-usbserial.o (symbol from plugin)
CDC_Device_ReceiveByte                            USB-Drivers/CDC.o (symbol from plugin)
                                                  fast-usbserial.o (symbol from plugin)
CDC_Device_SendByte                               USB-Drivers/CDC.o (symbol from plugin)
CDC_Device_SendByte_Fast                          USB-Drivers/CDC.o (symbol from plugin)
CDC_Device_SendByte_Prep                          USB-Drivers/CDC.o (symbol from plugin)
                                                  fast-usbserial.o (symbol from plugin)
CDC_Device_SendControlLineStateChange             USB-Drivers/CDC.o (symbol from plugin)
CDC_Device_SendString                             USB-Drivers/CDC.o (symbol from plugin)
CDC_Device_USBTask                                USB-Drivers/CDC.o (symbol from plugin)
ConfigurationDescriptor                           Descriptors.o (symbol from plugin)
DeviceDescriptor                                  Descriptors.o (symbol from plugin)
EVENT_CDC_Device_BreakSent                        USB-Drivers/CDC.o (symbol from plugin)
EVENT_CDC_Device_ControLineStateChanged           fast-usbserial.o (symbol from plugin)
EVENT_CDC_Device_LineEncodingChanged              fast-usbserial.o (symbol from plugin)
EVENT_USB_Device_ConfigurationChanged             fast-usbserial.o (symbol from plugin)
                                                  USB-Drivers/DeviceStandardReq.o (symbol from plugin)
EVENT_USB_Device_Connect                          USB-Drivers/Events.o (symbol from plugin)
                                                  USB-Drivers/USBInterrupt.o (symbol from plugin)
EVENT_USB_Device_Disconnect                       USB-Drivers/Events.o (symbol from plugin)
                                                  USB-Drivers/USBInterrupt.o (symbol from plugin)
EVENT_USB_Device_Reset                            USB-Drivers/Events.o (symbol from plugin)
                                                  USB-Drivers/USBInterrupt.o (symbol from plugin)
EVENT_USB_Device_StartOfFrame                     USB-Drivers/Events.o (symbol from plugin)
                                                  USB-Drivers/USBInterrupt.o (symbol from plugin)
EVENT_USB_Device_Suspend                          USB-Drivers/Events.o (symbol from plugin)
EVENT_USB_Device_UnhandledControlRequest          fast-usbserial.o (symbol from plugin)
                                                  USB-Drivers/DeviceStandardReq.o (symbol from plugin)
EVENT_USB_Device_WakeUp                           USB-Drivers/Events.o (symbol from plugin)
Endpoint_BytesToEPSizeMaskDynamic                 USB-Drivers/Endpoint.o (symbol from plugin)
                                                  USB-Drivers/CDC.o (symbol from plugin)
Endpoint_ClearEndpoints                           USB-Drivers/Endpoint.o (symbol from plugin)
                                                  USB-Drivers/USBInterrupt.o (symbol from plugin)
Endpoint_ClearStatusStage                         USB-Drivers/Endpoint.o (symbol from plugin)
                                                  USB-Drivers/CDC.o (symbol from plugin)
                                                  USB-Drivers/DeviceStandardReq.o (symbol from plugin)
Endpoint_ConfigureEndpoint_Prv                    USB-Drivers/Endpoint.o (symbol from plugin)
                                                  USB-Drivers/CDC.o (symbol from plugin)
                                                  USB-Drivers/USBInterrupt.o (symbol from plugin)
Endpoint_Discard_Stream                           USB-Drivers/Endpoint.o (symbol from plugin)
Endpoint_Read_Control_EStream_BE                  USB-Drivers/Endpoint.o (symbol from plugin)
Endpoint_Read_Control_EStream_LE                  USB-Drivers/Endpoint.o (symbol from plugin)
Endpoint_Read_Control_Stream_BE                   USB-Drivers/Endpoint.o (symbol from plugin)
Endpoint_Read_Control_Stream_LE                   USB-Drivers/Endpoint.o (symbol from plugin)
                                                  USB-Drivers/CDC.o (symbol from plugin)
Endpoint_Read_EStream_BE                          USB-Drivers/Endpoint.o (symbol from plugin)
Endpoint_Read_EStream_LE                          USB-Drivers/Endpoint.o (symbol from plugin)
Endpoint_Read_Stream_BE                           USB-Drivers/Endpoint.o (symbol from plugin)
Endpoint_Read_Stream_LE                           USB-Drivers/Endpoint.o (symbol from plugin)
Endpoint_WaitUntilReady                           USB-Drivers/Endpoint.o (symbol from plugin)
                                                  USB-Drivers/CDC.o (symbol from plugin)
Endpoint_Write_Control_EStream_BE                 USB-Drivers/Endpoint.o (symbol from plugin)
Endpoint_Write_Control_EStream_LE                 USB-Drivers/Endpoint.o (symbol from plugin)
Endpoint_Write_Control_PStream_BE                 USB-Drivers/Endpoint.o (symbol from plugin)
Endpoint_Write_Control_PStream_LE                 USB-Drivers/Endpoint.o (symbol from plugin)
                                                  USB-Drivers/DeviceStandardReq.o (symbol from plugin)
Endpoint_Write_Control_Stream_BE                  USB-Drivers/Endpoint.o (symbol from plugin)
Endpoint_Write_Control_Stream_LE                  USB-Drivers/Endpoint.o (symbol from plugin)
                                                  USB-Drivers/CDC.o (symbol from plugin)
                                                  USB-Drivers/DeviceStandardReq.o (symbol from plugin)
Endpoint_Write_EStream_BE                         USB-Drivers/Endpoint.o (symbol from plugin)
Endpoint_Write_EStream_LE                         USB-Drivers/Endpoint.o (symbol from plugin)
Endpoint_Write_PStream_BE                         USB-Drivers/Endpoint.o (symbol from plugin)
Endpoint_Write_PStream_LE                         USB-Drivers/Endpoint.o (symbol from plugin)
Endpoint_Write_Stream_BE                          USB-Drivers/Endpoint.o (symbol from plugin)
Endpoint_Write_Stream_LE                          USB-Drivers/Endpoint.o (symbol from plugin)
                                                  USB-Drivers/CDC.o (symbol from plugin)
LanguageString                                    Descriptors.o (symbol from plugin)
ManufacturerString                                Descriptors.o (symbol from plugin)
ProductString                                     Descriptors.o (symbol from plugin)
PulseMSRemaining                                  fast-usbserial.o (symbol from plugin)
SetupHardware                                     fast-usbserial.o (symbol from plugin)
USB_ConfigurationNumber                           USB-Drivers/DeviceStandardReq.o (symbol from plugin)
                                                  USB-Drivers/USBInterrupt.o (symbol from plugin)
                                                  USB-Drivers/USBController.o (symbol from plugin)
USB_ControlRequest                                USB-Drivers/USBTask.o (symbol from plugin)
                                                  USB-Drivers/CDC.o (symbol from plugin)
                                                  USB-Drivers/DeviceStandardReq.o (symbol from plugin)
                                                  USB-Drivers/Endpoint.o (symbol from plugin)
USB_CurrentlySelfPowered                          USB-Drivers/DeviceStandardReq.o (symbol from plugin)
                                                  USB-Drivers/USBController.o (symbol from plugin)
USB_Device_ProcessControlRequest                  USB-Drivers/DeviceStandardReq.o (symbol from plugin)
                                                  USB-Drivers/USBTask.o (symbol from plugin)
                                                  USB-Drivers/USBInterrupt.o (symbol from plugin)
USB_Device_SendRemoteWakeup                       USB-Drivers/Device.o (symbol from plugin)
USB_Event_Stub                                    USB-Drivers/Events.o (symbol from plugin)
USB_GetNextDescriptorComp                         USB-Drivers/ConfigDescriptor.o (symbol from plugin)
USB_GetNextDescriptorOfType                       USB-Drivers/ConfigDescriptor.o (symbol from plugin)
USB_GetNextDescriptorOfTypeAfter                  USB-Drivers/ConfigDescriptor.o (symbol from plugin)
USB_GetNextDescriptorOfTypeBefore                 USB-Drivers/ConfigDescriptor.o (symbol from plugin)
USB_INT_ClearAllInterrupts                        USB-Drivers/USBInterrupt.o (symbol from plugin)
                                                  USB-Drivers/USBController.o (symbol from plugin)
USB_INT_DisableAllInterrupts                      USB-Drivers/USBInterrupt.o (symbol from plugin)
                                                  USB-Drivers/USBController.o (symbol from plugin)
USB_Init                                          USB-Drivers/USBController.o (symbol from plugin)
                                                  fast-usbserial.o (symbol from plugin)
USB_IsInitialized                                 USB-Drivers/USBTask.o (symbol from plugin)
                                                  USB-Drivers/USBController.o (symbol from plugin)
USB_RemoteWakeupEnabled                           USB-Drivers/DeviceStandardReq.o (symbol from plugin)
                                                  USB-Drivers/USBController.o (symbol from plugin)
USB_ResetInterface                                USB-Drivers/USBController.o (symbol from plugin)
USB_ShutDown                                      USB-Drivers/USBController.o (symbol from plugin)
USB_USBTask                                       USB-Drivers/USBTask.o (symbol from plugin)
                                                  USB-Drivers/CDC.o (symbol from plugin)
                                                  fast-usbserial.o (symbol from plugin)
VirtualSerial_CDC_Interface                       fast-usbserial.o (symbol from plugin)
__bad_interrupt                                   /usr/lib/gcc/avr/4.9.2/../../../../avr/lib/avr35/crtm16u2.o
__bss_end                                         /usr/lib/gcc/avr/4.9.2/avr35/libgcc.a(_clear_bss.o)
__bss_start                                       /usr/lib/gcc/avr/4.9.2/avr35/libgcc.a(_clear_bss.o)
__data_end                                        /usr/lib/gcc/avr/4.9.2/avr35/libgcc.a(_copy_data.o)
__data_load_start                                 /usr/lib/gcc/avr/4.9.2/avr35/libgcc.a(_copy_data.o)
__data_start                                      /usr/lib/gcc/avr/4.9.2/avr35/libgcc.a(_copy_data.o)
__do_clear_bss                                    /usr/lib/gcc/avr/4.9.2/avr35/libgcc.a(_clear_bss.o)
                                                  /tmp/cc9Dtwua.lto.o
__do_copy_data                                    /usr/lib/gcc/avr/4.9.2/avr35/libgcc.a(_copy_data.o)
                                                  /tmp/cc9Dtwua.lto.o
__eerd_byte_m16u2                                 /usr/lib/gcc/avr/4.9.2/../../../../avr/lib/avr35/libc.a(eerd_byte_atmega16u2.o)
                                                  USB-Drivers/Endpoint.o (symbol from plugin)
__eeupd_byte_m16u2                                /usr/lib/gcc/avr/4.9.2/../../../../avr/lib/avr35/libc.a(eeupd_byte_atmega16u2.o)
                                                  USB-Drivers/Endpoint.o (symbol from plugin)
__eeupd_r18_m16u2                                 /usr/lib/gcc/avr/4.9.2/../../../../avr/lib/avr35/libc.a(eeupd_byte_atmega16u2.o)
__heap_end                                        /usr/lib/gcc/avr/4.9.2/../../../../avr/lib/avr35/crtm16u2.o
__init                                            /usr/lib/gcc/avr/4.9.2/../../../../avr/lib/avr35/crtm16u2.o
__stack                                           /usr/lib/gcc/avr/4.9.2/../../../../avr/lib/avr35/crtm16u2.o
__tablejump2__                                    /usr/lib/gcc/avr/4.9.2/avr35/libgcc.a(_tablejump2.o)
                                                  /tmp/cc9Dtwua.lto.o
__udivmodsi4                                      /usr/lib/gcc/avr/4.9.2/avr35/libgcc.a(_udivmodsi4.o)
                                                  /tmp/cc9Dtwua.lto.o
__vector_1                                        /usr/lib/gcc/avr/4.9.2/../../../../avr/lib/avr35/crtm16u2.o
__vector_10                                       /usr/lib/gcc/avr/4.9.2/../../../../avr/lib/avr35/crtm16u2.o
__vector_11                                       /tmp/cc9Dtwua.lto.o
                                                  USB-Drivers/USBInterrupt.o (symbol from plugin)
                                                  /usr/lib/gcc/avr/4.9.2/../../../../avr/lib/avr35/crtm16u2.o
__vector_12                                       /tmp/cc9Dtwua.lto.o
                                                  USB-Drivers/USBInterrupt.o (symbol from plugin)
                                                  /usr/lib/gcc/avr/4.9.2/../../../../avr/lib/avr35/crtm16u2.o
__vector_13                                       /usr/lib/gcc/avr/4.9.2/../../../../avr/lib/avr35/crtm16u2.o
__vector_14                                       /usr/lib/gcc/avr/4.9.2/../../../../avr/lib/avr35/crtm16u2.o
__vector_15                                       /usr/lib/gcc/avr/4.9.2/../../../../avr/lib/avr35/crtm16u2.o
__vector_16                                       /usr/lib/gcc/avr/4.9.2/../../../../avr/lib/avr35/crtm16u2.o
__vector_17                                       /usr/lib/gcc/avr/4.9.2/../../../../avr/lib/avr35/crtm16u2.o
__vector_18                                       /usr/lib/gcc/avr/4.9.2/../../../../avr/lib/avr35/crtm16u2.o
__vector_19                                       /usr/lib/gcc/avr/4.9.2/../../../../avr/lib/avr35/crtm16u2.o
__vector_2                                        /usr/lib/gcc/avr/4.9.2/../../../../avr/lib/avr35/crtm16u2.o
__vector_20                                       /usr/lib/gcc/avr/4.9.2/../../../../avr/lib/avr35/crtm16u2.o
__vector_21                                       /usr/lib/gcc/avr/4.9.2/../../../../avr/lib/avr35/crtm16u2.o
__vector_22                                       /usr/lib/gcc/avr/4.9.2/../../../../avr/lib/avr35/crtm16u2.o
__vector_23                                       /tmp/cc9Dtwua.lto.o
                                                  fast-usbserial.o (symbol from plugin)
                                                  /usr/lib/gcc/avr/4.9.2/../../../../avr/lib/avr35/crtm16u2.o
__vector_24                                       /usr/lib/gcc/avr/4.9.2/../../../../avr/lib/avr35/crtm16u2.o
__vector_25                                       /usr/lib/gcc/avr/4.9.2/../../../../avr/lib/avr35/crtm16u2.o
__vector_26                                       /usr/lib/gcc/avr/4.9.2/../../../../avr/lib/avr35/crtm16u2.o
__vector_27                                       /usr/lib/gcc/avr/4.9.2/../../../../avr/lib/avr35/crtm16u2.o
__vector_28                                       /usr/lib/gcc/avr/4.9.2/../../../../avr/lib/avr35/crtm16u2.o
__vector_3                                        /usr/lib/gcc/avr/4.9.2/../../../../avr/lib/avr35/crtm16u2.o
__vector_4                                        /usr/lib/gcc/avr/4.9.2/../../../../avr/lib/avr35/crtm16u2.o
__vector_5                                        /usr/lib/gcc/avr/4.9.2/../../../../avr/lib/avr35/crtm16u2.o
__vector_6                                        /usr/lib/gcc/avr/4.9.2/../../../../avr/lib/avr35/crtm16u2.o
__vector_7                                        /usr/lib/gcc/avr/4.9.2/../../../../avr/lib/avr35/crtm16u2.o
__vector_8                                        /usr/lib/gcc/avr/4.9.2/../../../../avr/lib/avr35/crtm16u2.o
__vector_9                                        /usr/lib/gcc/avr/4.9.2/../../../../avr/lib/avr35/crtm16u2.o
__vector_default                                  /usr/lib/gcc/avr/4.9.2/../../../../avr/lib/avr35/crtm16u2.o
__vectors                                         /usr/lib/gcc/avr/4.9.2/../../../../avr/lib/avr35/crtm16u2.o
_exit                                             /usr/lib/gcc/avr/4.9.2/avr35/libgcc.a(_exit.o)
exit                                              /usr/lib/gcc/avr/4.9.2/avr35/libgcc.a(_exit.o)
                                                  /usr/lib/gcc/avr/4.9.2/../../../../avr/lib/avr35/crtm16u2.o
main                                              /tmp/cc9Dtwua.lto.o
                                                  fast-usbserial.o (symbol from plugin)
                                                  /usr/lib/gcc/avr/4.9.2/../../../../avr/lib/avr35/crtm16u2.o
