Archive member included to satisfy reference by file (symbol)

/home/urjaman/avrtc-test/lib/gcc/avr/5.1.1/avr35/libgcc.a(_exit.o)
                              /home/urjaman/avrtc-test/lib/gcc/avr/5.1.1/../../../../avr/lib/avr35/crtatmega16u2.o (exit)
/home/urjaman/avrtc-test/lib/gcc/avr/5.1.1/../../../../avr/lib/avr35/libatmega16u2.a(eerd_byte.o)
                              USB-Drivers/Endpoint.o (symbol from plugin) (eeprom_read_byte)
/home/urjaman/avrtc-test/lib/gcc/avr/5.1.1/../../../../avr/lib/avr35/libatmega16u2.a(eeupd_byte.o)
                              USB-Drivers/Endpoint.o (symbol from plugin) (eeprom_update_byte)
/home/urjaman/avrtc-test/lib/gcc/avr/5.1.1/avr35/libgcc.a(_udivmodsi4.o)
                              /tmp/cc8DoIZb.lto.o (__udivmodsi4)
/home/urjaman/avrtc-test/lib/gcc/avr/5.1.1/avr35/libgcc.a(_tablejump2.o)
                              /tmp/cc8DoIZb.lto.o (__tablejump2__)
/home/urjaman/avrtc-test/lib/gcc/avr/5.1.1/avr35/libgcc.a(_copy_data.o)
                              /tmp/cc8DoIZb.lto.o (__do_copy_data)
/home/urjaman/avrtc-test/lib/gcc/avr/5.1.1/avr35/libgcc.a(_clear_bss.o)
                              /tmp/cc8DoIZb.lto.o (__do_clear_bss)

Allocating common symbols
Common symbol       size              file

USB_IsInitialized   0x1               USB-Drivers/USBTask.o (symbol from plugin)
PulseMSRemaining    0x2               fast-usbserial.o (symbol from plugin)
USB_ControlRequest  0x8               USB-Drivers/USBTask.o (symbol from plugin)
USB_ConfigurationNumber
                    0x1               USB-Drivers/DeviceStandardReq.o (symbol from plugin)

Discarded input sections

 .data          0x0000000000000000        0x0 /home/urjaman/avrtc-test/lib/gcc/avr/5.1.1/../../../../avr/lib/avr35/crtatmega16u2.o
 .bss           0x0000000000000000        0x0 /home/urjaman/avrtc-test/lib/gcc/avr/5.1.1/../../../../avr/lib/avr35/crtatmega16u2.o
 .text          0x0000000000000000        0x0 fast-usbserial.o (symbol from plugin)
 .text          0x0000000000000000        0x0 Descriptors.o (symbol from plugin)
 .text          0x0000000000000000        0x0 USB-Drivers/Device.o (symbol from plugin)
 .text          0x0000000000000000        0x0 USB-Drivers/Endpoint.o (symbol from plugin)
 .text          0x0000000000000000        0x0 USB-Drivers/Pipe.o (symbol from plugin)
 .text          0x0000000000000000        0x0 USB-Drivers/USBController.o (symbol from plugin)
 .text          0x0000000000000000        0x0 USB-Drivers/USBInterrupt.o (symbol from plugin)
 .text          0x0000000000000000        0x0 USB-Drivers/ConfigDescriptor.o (symbol from plugin)
 .text          0x0000000000000000        0x0 USB-Drivers/DeviceStandardReq.o (symbol from plugin)
 .text          0x0000000000000000        0x0 USB-Drivers/Events.o (symbol from plugin)
 .text          0x0000000000000000        0x0 USB-Drivers/USBTask.o (symbol from plugin)
 .text          0x0000000000000000        0x0 USB-Drivers/CDC.o (symbol from plugin)
 .text          0x0000000000000000        0x0 /home/urjaman/avrtc-test/lib/gcc/avr/5.1.1/avr35/libgcc.a(_exit.o)
 .data          0x0000000000000000        0x0 /home/urjaman/avrtc-test/lib/gcc/avr/5.1.1/avr35/libgcc.a(_exit.o)
 .bss           0x0000000000000000        0x0 /home/urjaman/avrtc-test/lib/gcc/avr/5.1.1/avr35/libgcc.a(_exit.o)
 .text.libgcc.mul
                0x0000000000000000        0x0 /home/urjaman/avrtc-test/lib/gcc/avr/5.1.1/avr35/libgcc.a(_exit.o)
 .text.libgcc.div
                0x0000000000000000        0x0 /home/urjaman/avrtc-test/lib/gcc/avr/5.1.1/avr35/libgcc.a(_exit.o)
 .text.libgcc   0x0000000000000000        0x0 /home/urjaman/avrtc-test/lib/gcc/avr/5.1.1/avr35/libgcc.a(_exit.o)
 .text.libgcc.prologue
                0x0000000000000000        0x0 /home/urjaman/avrtc-test/lib/gcc/avr/5.1.1/avr35/libgcc.a(_exit.o)
 .text.libgcc.builtins
                0x0000000000000000        0x0 /home/urjaman/avrtc-test/lib/gcc/avr/5.1.1/avr35/libgcc.a(_exit.o)
 .text.libgcc.fmul
                0x0000000000000000        0x0 /home/urjaman/avrtc-test/lib/gcc/avr/5.1.1/avr35/libgcc.a(_exit.o)
 .text.libgcc.fixed
                0x0000000000000000        0x0 /home/urjaman/avrtc-test/lib/gcc/avr/5.1.1/avr35/libgcc.a(_exit.o)
 .text          0x0000000000000000        0x0 /home/urjaman/avrtc-test/lib/gcc/avr/5.1.1/../../../../avr/lib/avr35/libatmega16u2.a(eerd_byte.o)
 .data          0x0000000000000000        0x0 /home/urjaman/avrtc-test/lib/gcc/avr/5.1.1/../../../../avr/lib/avr35/libatmega16u2.a(eerd_byte.o)
 .bss           0x0000000000000000        0x0 /home/urjaman/avrtc-test/lib/gcc/avr/5.1.1/../../../../avr/lib/avr35/libatmega16u2.a(eerd_byte.o)
 .text.avr-libc
                0x0000000000000000       0x10 /home/urjaman/avrtc-test/lib/gcc/avr/5.1.1/../../../../avr/lib/avr35/libatmega16u2.a(eerd_byte.o)
 .text          0x0000000000000000        0x0 /home/urjaman/avrtc-test/lib/gcc/avr/5.1.1/../../../../avr/lib/avr35/libatmega16u2.a(eeupd_byte.o)
 .data          0x0000000000000000        0x0 /home/urjaman/avrtc-test/lib/gcc/avr/5.1.1/../../../../avr/lib/avr35/libatmega16u2.a(eeupd_byte.o)
 .bss           0x0000000000000000        0x0 /home/urjaman/avrtc-test/lib/gcc/avr/5.1.1/../../../../avr/lib/avr35/libatmega16u2.a(eeupd_byte.o)
 .text.avr-libc
                0x0000000000000000       0x24 /home/urjaman/avrtc-test/lib/gcc/avr/5.1.1/../../../../avr/lib/avr35/libatmega16u2.a(eeupd_byte.o)
 .text          0x0000000000000000        0x0 /home/urjaman/avrtc-test/lib/gcc/avr/5.1.1/avr35/libgcc.a(_udivmodsi4.o)
 .data          0x0000000000000000        0x0 /home/urjaman/avrtc-test/lib/gcc/avr/5.1.1/avr35/libgcc.a(_udivmodsi4.o)
 .bss           0x0000000000000000        0x0 /home/urjaman/avrtc-test/lib/gcc/avr/5.1.1/avr35/libgcc.a(_udivmodsi4.o)
 .text.libgcc.mul
                0x0000000000000000        0x0 /home/urjaman/avrtc-test/lib/gcc/avr/5.1.1/avr35/libgcc.a(_udivmodsi4.o)
 .text.libgcc   0x0000000000000000        0x0 /home/urjaman/avrtc-test/lib/gcc/avr/5.1.1/avr35/libgcc.a(_udivmodsi4.o)
 .text.libgcc.prologue
                0x0000000000000000        0x0 /home/urjaman/avrtc-test/lib/gcc/avr/5.1.1/avr35/libgcc.a(_udivmodsi4.o)
 .text.libgcc.builtins
                0x0000000000000000        0x0 /home/urjaman/avrtc-test/lib/gcc/avr/5.1.1/avr35/libgcc.a(_udivmodsi4.o)
 .text.libgcc.fmul
                0x0000000000000000        0x0 /home/urjaman/avrtc-test/lib/gcc/avr/5.1.1/avr35/libgcc.a(_udivmodsi4.o)
 .text.libgcc.fixed
                0x0000000000000000        0x0 /home/urjaman/avrtc-test/lib/gcc/avr/5.1.1/avr35/libgcc.a(_udivmodsi4.o)
 .text          0x0000000000000000        0x0 /home/urjaman/avrtc-test/lib/gcc/avr/5.1.1/avr35/libgcc.a(_tablejump2.o)
 .data          0x0000000000000000        0x0 /home/urjaman/avrtc-test/lib/gcc/avr/5.1.1/avr35/libgcc.a(_tablejump2.o)
 .bss           0x0000000000000000        0x0 /home/urjaman/avrtc-test/lib/gcc/avr/5.1.1/avr35/libgcc.a(_tablejump2.o)
 .text.libgcc.mul
                0x0000000000000000        0x0 /home/urjaman/avrtc-test/lib/gcc/avr/5.1.1/avr35/libgcc.a(_tablejump2.o)
 .text.libgcc.div
                0x0000000000000000        0x0 /home/urjaman/avrtc-test/lib/gcc/avr/5.1.1/avr35/libgcc.a(_tablejump2.o)
 .text.libgcc.prologue
                0x0000000000000000        0x0 /home/urjaman/avrtc-test/lib/gcc/avr/5.1.1/avr35/libgcc.a(_tablejump2.o)
 .text.libgcc.builtins
                0x0000000000000000        0x0 /home/urjaman/avrtc-test/lib/gcc/avr/5.1.1/avr35/libgcc.a(_tablejump2.o)
 .text.libgcc.fmul
                0x0000000000000000        0x0 /home/urjaman/avrtc-test/lib/gcc/avr/5.1.1/avr35/libgcc.a(_tablejump2.o)
 .text.libgcc.fixed
                0x0000000000000000        0x0 /home/urjaman/avrtc-test/lib/gcc/avr/5.1.1/avr35/libgcc.a(_tablejump2.o)
 .text          0x0000000000000000        0x0 /home/urjaman/avrtc-test/lib/gcc/avr/5.1.1/avr35/libgcc.a(_copy_data.o)
 .data          0x0000000000000000        0x0 /home/urjaman/avrtc-test/lib/gcc/avr/5.1.1/avr35/libgcc.a(_copy_data.o)
 .bss           0x0000000000000000        0x0 /home/urjaman/avrtc-test/lib/gcc/avr/5.1.1/avr35/libgcc.a(_copy_data.o)
 .text.libgcc.mul
                0x0000000000000000        0x0 /home/urjaman/avrtc-test/lib/gcc/avr/5.1.1/avr35/libgcc.a(_copy_data.o)
 .text.libgcc.div
                0x0000000000000000        0x0 /home/urjaman/avrtc-test/lib/gcc/avr/5.1.1/avr35/libgcc.a(_copy_data.o)
 .text.libgcc   0x0000000000000000        0x0 /home/urjaman/avrtc-test/lib/gcc/avr/5.1.1/avr35/libgcc.a(_copy_data.o)
 .text.libgcc.prologue
                0x0000000000000000        0x0 /home/urjaman/avrtc-test/lib/gcc/avr/5.1.1/avr35/libgcc.a(_copy_data.o)
 .text.libgcc.builtins
                0x0000000000000000        0x0 /home/urjaman/avrtc-test/lib/gcc/avr/5.1.1/avr35/libgcc.a(_copy_data.o)
 .text.libgcc.fmul
                0x0000000000000000        0x0 /home/urjaman/avrtc-test/lib/gcc/avr/5.1.1/avr35/libgcc.a(_copy_data.o)
 .text.libgcc.fixed
                0x0000000000000000        0x0 /home/urjaman/avrtc-test/lib/gcc/avr/5.1.1/avr35/libgcc.a(_copy_data.o)
 .text          0x0000000000000000        0x0 /home/urjaman/avrtc-test/lib/gcc/avr/5.1.1/avr35/libgcc.a(_clear_bss.o)
 .data          0x0000000000000000        0x0 /home/urjaman/avrtc-test/lib/gcc/avr/5.1.1/avr35/libgcc.a(_clear_bss.o)
 .bss           0x0000000000000000        0x0 /home/urjaman/avrtc-test/lib/gcc/avr/5.1.1/avr35/libgcc.a(_clear_bss.o)
 .text.libgcc.mul
                0x0000000000000000        0x0 /home/urjaman/avrtc-test/lib/gcc/avr/5.1.1/avr35/libgcc.a(_clear_bss.o)
 .text.libgcc.div
                0x0000000000000000        0x0 /home/urjaman/avrtc-test/lib/gcc/avr/5.1.1/avr35/libgcc.a(_clear_bss.o)
 .text.libgcc   0x0000000000000000        0x0 /home/urjaman/avrtc-test/lib/gcc/avr/5.1.1/avr35/libgcc.a(_clear_bss.o)
 .text.libgcc.prologue
                0x0000000000000000        0x0 /home/urjaman/avrtc-test/lib/gcc/avr/5.1.1/avr35/libgcc.a(_clear_bss.o)
 .text.libgcc.builtins
                0x0000000000000000        0x0 /home/urjaman/avrtc-test/lib/gcc/avr/5.1.1/avr35/libgcc.a(_clear_bss.o)
 .text.libgcc.fmul
                0x0000000000000000        0x0 /home/urjaman/avrtc-test/lib/gcc/avr/5.1.1/avr35/libgcc.a(_clear_bss.o)
 .text.libgcc.fixed
                0x0000000000000000        0x0 /home/urjaman/avrtc-test/lib/gcc/avr/5.1.1/avr35/libgcc.a(_clear_bss.o)

Memory Configuration

Name             Origin             Length             Attributes
text             0x0000000000000000 0x0000000000010000 xr
data             0x0000000000800060 0x000000000000ffa0 rw !x
eeprom           0x0000000000810000 0x0000000000010000 rw !x
fuse             0x0000000000820000 0x0000000000000400 rw !x
lock             0x0000000000830000 0x0000000000000400 rw !x
signature        0x0000000000840000 0x0000000000000400 rw !x
*default*        0x0000000000000000 0xffffffffffffffff

Linker script and memory map

Address of section .data set to 0x800100
LOAD /home/urjaman/avrtc-test/lib/gcc/avr/5.1.1/../../../../avr/lib/avr35/crtatmega16u2.o
LOAD fast-usbserial.o
LOAD /tmp/cc8DoIZb.lto.o
LOAD Descriptors.o
LOAD USB-Drivers/Device.o
LOAD USB-Drivers/Endpoint.o
LOAD USB-Drivers/Pipe.o
LOAD USB-Drivers/USBController.o
LOAD USB-Drivers/USBInterrupt.o
LOAD USB-Drivers/ConfigDescriptor.o
LOAD USB-Drivers/DeviceStandardReq.o
LOAD USB-Drivers/Events.o
LOAD USB-Drivers/USBTask.o
LOAD USB-Drivers/CDC.o
Address of section .data set to 0x800200
LOAD /home/urjaman/avrtc-test/lib/gcc/avr/5.1.1/../../../../avr/lib/avr35/libm.a
START GROUP
LOAD /home/urjaman/avrtc-test/lib/gcc/avr/5.1.1/avr35/libgcc.a
LOAD /home/urjaman/avrtc-test/lib/gcc/avr/5.1.1/../../../../avr/lib/avr35/libm.a
LOAD /home/urjaman/avrtc-test/lib/gcc/avr/5.1.1/../../../../avr/lib/avr35/libc.a
LOAD /home/urjaman/avrtc-test/lib/gcc/avr/5.1.1/../../../../avr/lib/avr35/libatmega16u2.a
END GROUP

.hash
 *(.hash)

.dynsym
 *(.dynsym)

.dynstr
 *(.dynstr)

.gnu.version
 *(.gnu.version)

.gnu.version_d
 *(.gnu.version_d)

.gnu.version_r
 *(.gnu.version_r)

.rel.init
 *(.rel.init)

.rela.init
 *(.rela.init)

.rel.text
 *(.rel.text)
 *(.rel.text.*)
 *(.rel.gnu.linkonce.t*)

.rela.text
 *(.rela.text)
 *(.rela.text.*)
 *(.rela.gnu.linkonce.t*)

.rel.fini
 *(.rel.fini)

.rela.fini
 *(.rela.fini)

.rel.rodata
 *(.rel.rodata)
 *(.rel.rodata.*)
 *(.rel.gnu.linkonce.r*)

.rela.rodata
 *(.rela.rodata)
 *(.rela.rodata.*)
 *(.rela.gnu.linkonce.r*)

.rel.data
 *(.rel.data)
 *(.rel.data.*)
 *(.rel.gnu.linkonce.d*)

.rela.data
 *(.rela.data)
 *(.rela.data.*)
 *(.rela.gnu.linkonce.d*)

.rel.ctors
 *(.rel.ctors)

.rela.ctors
 *(.rela.ctors)

.rel.dtors
 *(.rel.dtors)

.rela.dtors
 *(.rela.dtors)

.rel.got
 *(.rel.got)

.rela.got
 *(.rela.got)

.rel.bss
 *(.rel.bss)

.rela.bss
 *(.rela.bss)

.rel.plt
 *(.rel.plt)

.rela.plt
 *(.rela.plt)

.text           0x0000000000000000     0x1280
 *(.vectors)
 .vectors       0x0000000000000000       0x74 /home/urjaman/avrtc-test/lib/gcc/avr/5.1.1/../../../../avr/lib/avr35/crtatmega16u2.o
                0x0000000000000000                __vectors
                0x0000000000000000                __vector_default
 *(.vectors)
 *(.progmem.gcc*)
 .progmem.gcc_sw_table
                0x0000000000000074       0x14 /tmp/cc8DoIZb.lto.o
                0x0000000000000088                . = ALIGN (0x2)
                0x0000000000000088                __trampolines_start = .
 *(.trampolines)
 .trampolines   0x0000000000000088        0x0 linker stubs
 *(.trampolines*)
                0x0000000000000088                __trampolines_end = .
 *(.progmem*)
 .progmem.data  0x0000000000000088       0xa2 /tmp/cc8DoIZb.lto.o
                0x000000000000012a                . = ALIGN (0x2)
 *(.jumptables)
 *(.jumptables*)
 *(.lowtext)
 *(.lowtext*)
                0x000000000000012a                __ctors_start = .
 *(.ctors)
                0x000000000000012a                __ctors_end = .
                0x000000000000012a                __dtors_start = .
 *(.dtors)
                0x000000000000012a                __dtors_end = .
 SORT(*)(.ctors)
 SORT(*)(.dtors)
 *(.init0)
 .init0         0x000000000000012a        0x0 /home/urjaman/avrtc-test/lib/gcc/avr/5.1.1/../../../../avr/lib/avr35/crtatmega16u2.o
                0x000000000000012a                __init
 *(.init0)
 *(.init1)
 *(.init1)
 *(.init2)
 .init2         0x000000000000012a        0xc /home/urjaman/avrtc-test/lib/gcc/avr/5.1.1/../../../../avr/lib/avr35/crtatmega16u2.o
 *(.init2)
 *(.init3)
 *(.init3)
 *(.init4)
 .init4         0x0000000000000136       0x16 /home/urjaman/avrtc-test/lib/gcc/avr/5.1.1/avr35/libgcc.a(_copy_data.o)
                0x0000000000000136                __do_copy_data
 .init4         0x000000000000014c       0x10 /home/urjaman/avrtc-test/lib/gcc/avr/5.1.1/avr35/libgcc.a(_clear_bss.o)
                0x000000000000014c                __do_clear_bss
 *(.init4)
 *(.init5)
 *(.init5)
 *(.init6)
 *(.init6)
 *(.init7)
 *(.init7)
 *(.init8)
 *(.init8)
 *(.init9)
 .init9         0x000000000000015c        0x6 /home/urjaman/avrtc-test/lib/gcc/avr/5.1.1/../../../../avr/lib/avr35/crtatmega16u2.o
 *(.init9)
 *(.text)
 .text          0x0000000000000162        0x2 /home/urjaman/avrtc-test/lib/gcc/avr/5.1.1/../../../../avr/lib/avr35/crtatmega16u2.o
                0x0000000000000162                __vector_22
                0x0000000000000162                __vector_28
                0x0000000000000162                __vector_1
                0x0000000000000162                __vector_24
                0x0000000000000162                __vector_12
                0x0000000000000162                __bad_interrupt
                0x0000000000000162                __vector_6
                0x0000000000000162                __vector_3
                0x0000000000000162                __vector_25
                0x0000000000000162                __vector_13
                0x0000000000000162                __vector_17
                0x0000000000000162                __vector_19
                0x0000000000000162                __vector_7
                0x0000000000000162                __vector_27
                0x0000000000000162                __vector_5
                0x0000000000000162                __vector_4
                0x0000000000000162                __vector_9
                0x0000000000000162                __vector_2
                0x0000000000000162                __vector_21
                0x0000000000000162                __vector_15
                0x0000000000000162                __vector_8
                0x0000000000000162                __vector_26
                0x0000000000000162                __vector_14
                0x0000000000000162                __vector_10
                0x0000000000000162                __vector_16
                0x0000000000000162                __vector_18
                0x0000000000000162                __vector_20
 .text          0x0000000000000164      0x3fe /tmp/cc8DoIZb.lto.o
                0x0000000000000350                __vector_23
                0x0000000000000398                __vector_11
                0x0000000000000562                . = ALIGN (0x2)
 *(.text.*)
 .text.startup  0x0000000000000562      0xcca /tmp/cc8DoIZb.lto.o
                0x0000000000000562                main
 .text.libgcc.div
                0x000000000000122c       0x44 /home/urjaman/avrtc-test/lib/gcc/avr/5.1.1/avr35/libgcc.a(_udivmodsi4.o)
                0x000000000000122c                __udivmodsi4
 .text.libgcc   0x0000000000001270        0xc /home/urjaman/avrtc-test/lib/gcc/avr/5.1.1/avr35/libgcc.a(_tablejump2.o)
                0x0000000000001270                __tablejump2__
                0x000000000000127c                . = ALIGN (0x2)
 *(.fini9)
 .fini9         0x000000000000127c        0x0 /home/urjaman/avrtc-test/lib/gcc/avr/5.1.1/avr35/libgcc.a(_exit.o)
                0x000000000000127c                exit
                0x000000000000127c                _exit
 *(.fini9)
 *(.fini8)
 *(.fini8)
 *(.fini7)
 *(.fini7)
 *(.fini6)
 *(.fini6)
 *(.fini5)
 *(.fini5)
 *(.fini4)
 *(.fini4)
 *(.fini3)
 *(.fini3)
 *(.fini2)
 *(.fini2)
 *(.fini1)
 *(.fini1)
 *(.fini0)
 .fini0         0x000000000000127c        0x4 /home/urjaman/avrtc-test/lib/gcc/avr/5.1.1/avr35/libgcc.a(_exit.o)
 *(.fini0)
                0x0000000000001280                _etext = .

.data           0x0000000000800200       0x16 load address 0x0000000000001280
                0x0000000000800200                PROVIDE (__data_start, .)
 *(.data)
 .data          0x0000000000800200       0x16 /tmp/cc8DoIZb.lto.o
 *(.data*)
 *(.rodata)
 *(.rodata*)
 *(.gnu.linkonce.d*)
                0x0000000000800216                . = ALIGN (0x2)
                0x0000000000800216                _edata = .
                0x0000000000800216                PROVIDE (__data_end, .)

.bss            0x0000000000800216       0x51
                0x0000000000800216                PROVIDE (__bss_start, .)
 *(.bss)
 .bss           0x0000000000800216       0x51 /tmp/cc8DoIZb.lto.o
 *(.bss*)
 *(COMMON)
                0x0000000000800267                PROVIDE (__bss_end, .)
                0x0000000000001280                __data_load_start = LOADADDR (.data)
                0x0000000000001296                __data_load_end = (__data_load_start + SIZEOF (.data))

.noinit         0x0000000000800267        0x0
                0x0000000000800267                PROVIDE (__noinit_start, .)
 *(.noinit*)
                0x0000000000800267                PROVIDE (__noinit_end, .)
                0x0000000000800267                _end = .
                0x0000000000800267                PROVIDE (__heap_start, .)

.eeprom         0x0000000000810000        0x0
 *(.eeprom*)
                0x0000000000810000                __eeprom_end = .

.fuse
 *(.fuse)
 *(.lfuse)
 *(.hfuse)
 *(.efuse)

.lock
 *(.lock*)

.signature
 *(.signature*)

.stab
 *(.stab)

.stabstr
 *(.stabstr)

.stab.excl
 *(.stab.excl)

.stab.exclstr
 *(.stab.exclstr)

.stab.index
 *(.stab.index)

.stab.indexstr
 *(.stab.indexstr)

.comment        0x0000000000000000       0x1a
 *(.comment)
 .comment       0x0000000000000000       0x1a /tmp/cc8DoIZb.lto.o
                                         0x1b (size before relaxing)

.note.gnu.avr.deviceinfo
                0x0000000000000000       0x40
 .note.gnu.avr.deviceinfo
                0x0000000000000000       0x40 /home/urjaman/avrtc-test/lib/gcc/avr/5.1.1/../../../../avr/lib/avr35/crtatmega16u2.o

.note.gnu.build-id
 *(.note.gnu.build-id)

.debug
 *(.debug)

.line
 *(.line)

.debug_srcinfo
 *(.debug_srcinfo)

.debug_sfnames
 *(.debug_sfnames)

.debug_aranges  0x0000000000000000       0xc8
 *(.debug_aranges)
 .debug_aranges
                0x0000000000000000       0x28 /tmp/cc8DoIZb.lto.o
 .debug_aranges
                0x0000000000000028       0x20 /home/urjaman/avrtc-test/lib/gcc/avr/5.1.1/avr35/libgcc.a(_exit.o)
 .debug_aranges
                0x0000000000000048       0x20 /home/urjaman/avrtc-test/lib/gcc/avr/5.1.1/avr35/libgcc.a(_udivmodsi4.o)
 .debug_aranges
                0x0000000000000068       0x20 /home/urjaman/avrtc-test/lib/gcc/avr/5.1.1/avr35/libgcc.a(_tablejump2.o)
 .debug_aranges
                0x0000000000000088       0x20 /home/urjaman/avrtc-test/lib/gcc/avr/5.1.1/avr35/libgcc.a(_copy_data.o)
 .debug_aranges
                0x00000000000000a8       0x20 /home/urjaman/avrtc-test/lib/gcc/avr/5.1.1/avr35/libgcc.a(_clear_bss.o)

.debug_pubnames
 *(.debug_pubnames)

.debug_info     0x0000000000000000     0x2b3c
 *(.debug_info .gnu.linkonce.wi.*)
 .debug_info    0x0000000000000000      0x6ba /home/urjaman/avrtc-test/lib/gcc/avr/5.1.1/../../../../avr/lib/avr35/crtatmega16u2.o
 .debug_info    0x00000000000006ba     0x21d0 /tmp/cc8DoIZb.lto.o
 .debug_info    0x000000000000288a       0x8a /home/urjaman/avrtc-test/lib/gcc/avr/5.1.1/avr35/libgcc.a(_exit.o)
 .debug_info    0x0000000000002914       0x8a /home/urjaman/avrtc-test/lib/gcc/avr/5.1.1/avr35/libgcc.a(_udivmodsi4.o)
 .debug_info    0x000000000000299e       0x8a /home/urjaman/avrtc-test/lib/gcc/avr/5.1.1/avr35/libgcc.a(_tablejump2.o)
 .debug_info    0x0000000000002a28       0x8a /home/urjaman/avrtc-test/lib/gcc/avr/5.1.1/avr35/libgcc.a(_copy_data.o)
 .debug_info    0x0000000000002ab2       0x8a /home/urjaman/avrtc-test/lib/gcc/avr/5.1.1/avr35/libgcc.a(_clear_bss.o)

.debug_abbrev   0x0000000000000000      0xa4f
 *(.debug_abbrev)
 .debug_abbrev  0x0000000000000000      0x65d /home/urjaman/avrtc-test/lib/gcc/avr/5.1.1/../../../../avr/lib/avr35/crtatmega16u2.o
 .debug_abbrev  0x000000000000065d      0x38e /tmp/cc8DoIZb.lto.o
 .debug_abbrev  0x00000000000009eb       0x14 /home/urjaman/avrtc-test/lib/gcc/avr/5.1.1/avr35/libgcc.a(_exit.o)
 .debug_abbrev  0x00000000000009ff       0x14 /home/urjaman/avrtc-test/lib/gcc/avr/5.1.1/avr35/libgcc.a(_udivmodsi4.o)
 .debug_abbrev  0x0000000000000a13       0x14 /home/urjaman/avrtc-test/lib/gcc/avr/5.1.1/avr35/libgcc.a(_tablejump2.o)
 .debug_abbrev  0x0000000000000a27       0x14 /home/urjaman/avrtc-test/lib/gcc/avr/5.1.1/avr35/libgcc.a(_copy_data.o)
 .debug_abbrev  0x0000000000000a3b       0x14 /home/urjaman/avrtc-test/lib/gcc/avr/5.1.1/avr35/libgcc.a(_clear_bss.o)

.debug_line     0x0000000000000000      0xd99
 *(.debug_line .debug_line.* .debug_line_end)
 .debug_line    0x0000000000000000       0x1d /home/urjaman/avrtc-test/lib/gcc/avr/5.1.1/../../../../avr/lib/avr35/crtatmega16u2.o
 .debug_line    0x000000000000001d      0xb80 /tmp/cc8DoIZb.lto.o
 .debug_line    0x0000000000000b9d       0x5b /home/urjaman/avrtc-test/lib/gcc/avr/5.1.1/avr35/libgcc.a(_exit.o)
 .debug_line    0x0000000000000bf8       0x7b /home/urjaman/avrtc-test/lib/gcc/avr/5.1.1/avr35/libgcc.a(_udivmodsi4.o)
 .debug_line    0x0000000000000c73       0x61 /home/urjaman/avrtc-test/lib/gcc/avr/5.1.1/avr35/libgcc.a(_tablejump2.o)
 .debug_line    0x0000000000000cd4       0x64 /home/urjaman/avrtc-test/lib/gcc/avr/5.1.1/avr35/libgcc.a(_copy_data.o)
 .debug_line    0x0000000000000d38       0x61 /home/urjaman/avrtc-test/lib/gcc/avr/5.1.1/avr35/libgcc.a(_clear_bss.o)

.debug_frame    0x0000000000000000       0x98
 *(.debug_frame)
 .debug_frame   0x0000000000000000       0x98 /tmp/cc8DoIZb.lto.o

.debug_str      0x0000000000000000     0x1314
 *(.debug_str)
 .debug_str     0x0000000000000000      0x265 /home/urjaman/avrtc-test/lib/gcc/avr/5.1.1/../../../../avr/lib/avr35/crtatmega16u2.o
 .debug_str     0x0000000000000265     0x10af /tmp/cc8DoIZb.lto.o
                                       0x1160 (size before relaxing)

.debug_loc      0x0000000000000000     0x1c9e
 *(.debug_loc)
 .debug_loc     0x0000000000000000     0x1c9e /tmp/cc8DoIZb.lto.o

.debug_macinfo
 *(.debug_macinfo)

.debug_weaknames
 *(.debug_weaknames)

.debug_funcnames
 *(.debug_funcnames)

.debug_typenames
 *(.debug_typenames)

.debug_varnames
 *(.debug_varnames)

.debug_pubtypes
 *(.debug_pubtypes)

.debug_ranges   0x0000000000000000      0xa60
 *(.debug_ranges)
 .debug_ranges  0x0000000000000000      0xa60 /tmp/cc8DoIZb.lto.o

.debug_macro
 *(.debug_macro)
OUTPUT(fast-usbserial.elf elf32-avr)
LOAD linker stubs

Cross Reference Table

Symbol                                            File
CALLBACK_USB_GetDescriptor                        Descriptors.o (symbol from plugin)
                                                  USB-Drivers/DeviceStandardReq.o (symbol from plugin)
CDC_Device_BytesReceived                          USB-Drivers/CDC.o (symbol from plugin)
CDC_Device_ConfigureEndpoints                     USB-Drivers/CDC.o (symbol from plugin)
                                                  fast-usbserial.o (symbol from plugin)
CDC_Device_CreateBlockingStream                   USB-Drivers/CDC.o (symbol from plugin)
CDC_Device_CreateStream                           USB-Drivers/CDC.o (symbol from plugin)
CDC_Device_Event_Stub                             USB-Drivers/CDC.o (symbol from plugin)
CDC_Device_Flush                                  USB-Drivers/CDC.o (symbol from plugin)
CDC_Device_ProcessControlRequest                  USB-Drivers/CDC.o (symbol from plugin)
                                                  fast-usbserial.o (symbol from plugin)
CDC_Device_ReceiveByte                            USB-Drivers/CDC.o (symbol from plugin)
                                                  fast-usbserial.o (symbol from plugin)
CDC_Device_SendByte                               USB-Drivers/CDC.o (symbol from plugin)
CDC_Device_SendByte_Fast                          USB-Drivers/CDC.o (symbol from plugin)
CDC_Device_SendByte_Prep                          USB-Drivers/CDC.o (symbol from plugin)
                                                  fast-usbserial.o (symbol from plugin)
CDC_Device_SendControlLineStateChange             USB-Drivers/CDC.o (symbol from plugin)
CDC_Device_SendString                             USB-Drivers/CDC.o (symbol from plugin)
CDC_Device_USBTask                                USB-Drivers/CDC.o (symbol from plugin)
ConfigurationDescriptor                           Descriptors.o (symbol from plugin)
DeviceDescriptor                                  Descriptors.o (symbol from plugin)
EVENT_CDC_Device_BreakSent                        USB-Drivers/CDC.o (symbol from plugin)
EVENT_CDC_Device_ControLineStateChanged           fast-usbserial.o (symbol from plugin)
EVENT_CDC_Device_LineEncodingChanged              fast-usbserial.o (symbol from plugin)
EVENT_USB_Device_ConfigurationChanged             fast-usbserial.o (symbol from plugin)
                                                  USB-Drivers/DeviceStandardReq.o (symbol from plugin)
EVENT_USB_Device_Connect                          USB-Drivers/Events.o (symbol from plugin)
                                                  USB-Drivers/USBInterrupt.o (symbol from plugin)
EVENT_USB_Device_Disconnect                       USB-Drivers/Events.o (symbol from plugin)
                                                  USB-Drivers/USBInterrupt.o (symbol from plugin)
EVENT_USB_Device_Reset                            USB-Drivers/Events.o (symbol from plugin)
                                                  USB-Drivers/USBInterrupt.o (symbol from plugin)
EVENT_USB_Device_StartOfFrame                     USB-Drivers/Events.o (symbol from plugin)
                                                  USB-Drivers/USBInterrupt.o (symbol from plugin)
EVENT_USB_Device_Suspend                          USB-Drivers/Events.o (symbol from plugin)
EVENT_USB_Device_UnhandledControlRequest          fast-usbserial.o (symbol from plugin)
                                                  USB-Drivers/DeviceStandardReq.o (symbol from plugin)
EVENT_USB_Device_WakeUp                           USB-Drivers/Events.o (symbol from plugin)
Endpoint_BytesToEPSizeMaskDynamic                 USB-Drivers/Endpoint.o (symbol from plugin)
                                                  USB-Drivers/CDC.o (symbol from plugin)
Endpoint_ClearEndpoints                           USB-Drivers/Endpoint.o (symbol from plugin)
                                                  USB-Drivers/USBInterrupt.o (symbol from plugin)
Endpoint_ClearStatusStage                         USB-Drivers/Endpoint.o (symbol from plugin)
                                                  USB-Drivers/CDC.o (symbol from plugin)
                                                  USB-Drivers/DeviceStandardReq.o (symbol from plugin)
Endpoint_ConfigureEndpoint_Prv                    USB-Drivers/Endpoint.o (symbol from plugin)
                                                  USB-Drivers/CDC.o (symbol from plugin)
                                                  USB-Drivers/USBInterrupt.o (symbol from plugin)
Endpoint_Discard_Stream                           USB-Drivers/Endpoint.o (symbol from plugin)
Endpoint_Read_Control_EStream_BE                  USB-Drivers/Endpoint.o (symbol from plugin)
Endpoint_Read_Control_EStream_LE                  USB-Drivers/Endpoint.o (symbol from plugin)
Endpoint_Read_Control_Stream_BE                   USB-Drivers/Endpoint.o (symbol from plugin)
Endpoint_Read_Control_Stream_LE                   USB-Drivers/Endpoint.o (symbol from plugin)
                                                  USB-Drivers/CDC.o (symbol from plugin)
Endpoint_Read_EStream_BE                          USB-Drivers/Endpoint.o (symbol from plugin)
Endpoint_Read_EStream_LE                          USB-Drivers/Endpoint.o (symbol from plugin)
Endpoint_Read_Stream_BE                           USB-Drivers/Endpoint.o (symbol from plugin)
Endpoint_Read_Stream_LE                           USB-Drivers/Endpoint.o (symbol from plugin)
Endpoint_WaitUntilReady                           USB-Drivers/Endpoint.o (symbol from plugin)
                                                  USB-Drivers/CDC.o (symbol from plugin)
Endpoint_Write_Control_EStream_BE                 USB-Drivers/Endpoint.o (symbol from plugin)
Endpoint_Write_Control_EStream_LE                 USB-Drivers/Endpoint.o (symbol from plugin)
Endpoint_Write_Control_PStream_BE                 USB-Drivers/Endpoint.o (symbol from plugin)
Endpoint_Write_Control_PStream_LE                 USB-Drivers/Endpoint.o (symbol from plugin)
                                                  USB-Drivers/DeviceStandardReq.o (symbol from plugin)
Endpoint_Write_Control_Stream_BE                  USB-Drivers/Endpoint.o (symbol from plugin)
Endpoint_Write_Control_Stream_LE                  USB-Drivers/Endpoint.o (symbol from plugin)
                                                  USB-Drivers/CDC.o (symbol from plugin)
                                                  USB-Drivers/DeviceStandardReq.o (symbol from plugin)
Endpoint_Write_EStream_BE                         USB-Drivers/Endpoint.o (symbol from plugin)
Endpoint_Write_EStream_LE                         USB-Drivers/Endpoint.o (symbol from plugin)
Endpoint_Write_PStream_BE                         USB-Drivers/Endpoint.o (symbol from plugin)
Endpoint_Write_PStream_LE                         USB-Drivers/Endpoint.o (symbol from plugin)
Endpoint_Write_Stream_BE                          USB-Drivers/Endpoint.o (symbol from plugin)
Endpoint_Write_Stream_LE                          USB-Drivers/Endpoint.o (symbol from plugin)
                                                  USB-Drivers/CDC.o (symbol from plugin)
LanguageString                                    Descriptors.o (symbol from plugin)
ManufacturerString                                Descriptors.o (symbol from plugin)
ProductString                                     Descriptors.o (symbol from plugin)
PulseMSRemaining                                  fast-usbserial.o (symbol from plugin)
SetupHardware                                     fast-usbserial.o (symbol from plugin)
USB_ConfigurationNumber                           USB-Drivers/DeviceStandardReq.o (symbol from plugin)
                                                  USB-Drivers/USBInterrupt.o (symbol from plugin)
                                                  USB-Drivers/USBController.o (symbol from plugin)
USB_ControlRequest                                USB-Drivers/USBTask.o (symbol from plugin)
                                                  USB-Drivers/CDC.o (symbol from plugin)
                                                  USB-Drivers/DeviceStandardReq.o (symbol from plugin)
                                                  USB-Drivers/Endpoint.o (symbol from plugin)
USB_Device_ProcessControlRequest                  USB-Drivers/DeviceStandardReq.o (symbol from plugin)
                                                  USB-Drivers/USBTask.o (symbol from plugin)
USB_Device_SendRemoteWakeup                       USB-Drivers/Device.o (symbol from plugin)
USB_Event_Stub                                    USB-Drivers/Events.o (symbol from plugin)
USB_GetNextDescriptorComp                         USB-Drivers/ConfigDescriptor.o (symbol from plugin)
USB_GetNextDescriptorOfType                       USB-Drivers/ConfigDescriptor.o (symbol from plugin)
USB_GetNextDescriptorOfTypeAfter                  USB-Drivers/ConfigDescriptor.o (symbol from plugin)
USB_GetNextDescriptorOfTypeBefore                 USB-Drivers/ConfigDescriptor.o (symbol from plugin)
USB_INT_ClearAllInterrupts                        USB-Drivers/USBInterrupt.o (symbol from plugin)
                                                  USB-Drivers/USBController.o (symbol from plugin)
USB_INT_DisableAllInterrupts                      USB-Drivers/USBInterrupt.o (symbol from plugin)
                                                  USB-Drivers/USBController.o (symbol from plugin)
USB_Init                                          USB-Drivers/USBController.o (symbol from plugin)
                                                  fast-usbserial.o (symbol from plugin)
USB_IsInitialized                                 USB-Drivers/USBTask.o (symbol from plugin)
                                                  USB-Drivers/USBController.o (symbol from plugin)
USB_ResetInterface                                USB-Drivers/USBController.o (symbol from plugin)
USB_ShutDown                                      USB-Drivers/USBController.o (symbol from plugin)
USB_USBTask                                       USB-Drivers/USBTask.o (symbol from plugin)
                                                  USB-Drivers/CDC.o (symbol from plugin)
                                                  fast-usbserial.o (symbol from plugin)
VirtualSerial_CDC_Interface                       fast-usbserial.o (symbol from plugin)
__bad_interrupt                                   /home/urjaman/avrtc-test/lib/gcc/avr/5.1.1/../../../../avr/lib/avr35/crtatmega16u2.o
__bss_end                                         /home/urjaman/avrtc-test/lib/gcc/avr/5.1.1/avr35/libgcc.a(_clear_bss.o)
__bss_start                                       /home/urjaman/avrtc-test/lib/gcc/avr/5.1.1/avr35/libgcc.a(_clear_bss.o)
__data_end                                        /home/urjaman/avrtc-test/lib/gcc/avr/5.1.1/avr35/libgcc.a(_copy_data.o)
__data_load_start                                 /home/urjaman/avrtc-test/lib/gcc/avr/5.1.1/avr35/libgcc.a(_copy_data.o)
__data_start                                      /home/urjaman/avrtc-test/lib/gcc/avr/5.1.1/avr35/libgcc.a(_copy_data.o)
__do_clear_bss                                    /home/urjaman/avrtc-test/lib/gcc/avr/5.1.1/avr35/libgcc.a(_clear_bss.o)
                                                  /tmp/cc8DoIZb.lto.o
__do_copy_data                                    /home/urjaman/avrtc-test/lib/gcc/avr/5.1.1/avr35/libgcc.a(_copy_data.o)
                                                  /tmp/cc8DoIZb.lto.o
__heap_end                                        /home/urjaman/avrtc-test/lib/gcc/avr/5.1.1/../../../../avr/lib/avr35/crtatmega16u2.o
__init                                            /home/urjaman/avrtc-test/lib/gcc/avr/5.1.1/../../../../avr/lib/avr35/crtatmega16u2.o
__stack                                           /home/urjaman/avrtc-test/lib/gcc/avr/5.1.1/../../../../avr/lib/avr35/crtatmega16u2.o
__tablejump2__                                    /home/urjaman/avrtc-test/lib/gcc/avr/5.1.1/avr35/libgcc.a(_tablejump2.o)
                                                  /tmp/cc8DoIZb.lto.o
__udivmodsi4                                      /home/urjaman/avrtc-test/lib/gcc/avr/5.1.1/avr35/libgcc.a(_udivmodsi4.o)
                                                  /tmp/cc8DoIZb.lto.o
__vector_1                                        /home/urjaman/avrtc-test/lib/gcc/avr/5.1.1/../../../../avr/lib/avr35/crtatmega16u2.o
__vector_10                                       /home/urjaman/avrtc-test/lib/gcc/avr/5.1.1/../../../../avr/lib/avr35/crtatmega16u2.o
__vector_11                                       /tmp/cc8DoIZb.lto.o
                                                  USB-Drivers/USBInterrupt.o (symbol from plugin)
                                                  /home/urjaman/avrtc-test/lib/gcc/avr/5.1.1/../../../../avr/lib/avr35/crtatmega16u2.o
__vector_12                                       /home/urjaman/avrtc-test/lib/gcc/avr/5.1.1/../../../../avr/lib/avr35/crtatmega16u2.o
__vector_13                                       /home/urjaman/avrtc-test/lib/gcc/avr/5.1.1/../../../../avr/lib/avr35/crtatmega16u2.o
__vector_14                                       /home/urjaman/avrtc-test/lib/gcc/avr/5.1.1/../../../../avr/lib/avr35/crtatmega16u2.o
__vector_15                                       /home/urjaman/avrtc-test/lib/gcc/avr/5.1.1/../../../../avr/lib/avr35/crtatmega16u2.o
__vector_16                                       /home/urjaman/avrtc-test/lib/gcc/avr/5.1.1/../../../../avr/lib/avr35/crtatmega16u2.o
__vector_17                                       /home/urjaman/avrtc-test/lib/gcc/avr/5.1.1/../../../../avr/lib/avr35/crtatmega16u2.o
__vector_18                                       /home/urjaman/avrtc-test/lib/gcc/avr/5.1.1/../../../../avr/lib/avr35/crtatmega16u2.o
__vector_19                                       /home/urjaman/avrtc-test/lib/gcc/avr/5.1.1/../../../../avr/lib/avr35/crtatmega16u2.o
__vector_2                                        /home/urjaman/avrtc-test/lib/gcc/avr/5.1.1/../../../../avr/lib/avr35/crtatmega16u2.o
__vector_20                                       /home/urjaman/avrtc-test/lib/gcc/avr/5.1.1/../../../../avr/lib/avr35/crtatmega16u2.o
__vector_21                                       /home/urjaman/avrtc-test/lib/gcc/avr/5.1.1/../../../../avr/lib/avr35/crtatmega16u2.o
__vector_22                                       /home/urjaman/avrtc-test/lib/gcc/avr/5.1.1/../../../../avr/lib/avr35/crtatmega16u2.o
__vector_23                                       /tmp/cc8DoIZb.lto.o
                                                  fast-usbserial.o (symbol from plugin)
                                                  /home/urjaman/avrtc-test/lib/gcc/avr/5.1.1/../../../../avr/lib/avr35/crtatmega16u2.o
__vector_24                                       /home/urjaman/avrtc-test/lib/gcc/avr/5.1.1/../../../../avr/lib/avr35/crtatmega16u2.o
__vector_25                                       /home/urjaman/avrtc-test/lib/gcc/avr/5.1.1/../../../../avr/lib/avr35/crtatmega16u2.o
__vector_26                                       /home/urjaman/avrtc-test/lib/gcc/avr/5.1.1/../../../../avr/lib/avr35/crtatmega16u2.o
__vector_27                                       /home/urjaman/avrtc-test/lib/gcc/avr/5.1.1/../../../../avr/lib/avr35/crtatmega16u2.o
__vector_28                                       /home/urjaman/avrtc-test/lib/gcc/avr/5.1.1/../../../../avr/lib/avr35/crtatmega16u2.o
__vector_3                                        /home/urjaman/avrtc-test/lib/gcc/avr/5.1.1/../../../../avr/lib/avr35/crtatmega16u2.o
__vector_4                                        /home/urjaman/avrtc-test/lib/gcc/avr/5.1.1/../../../../avr/lib/avr35/crtatmega16u2.o
__vector_5                                        /home/urjaman/avrtc-test/lib/gcc/avr/5.1.1/../../../../avr/lib/avr35/crtatmega16u2.o
__vector_6                                        /home/urjaman/avrtc-test/lib/gcc/avr/5.1.1/../../../../avr/lib/avr35/crtatmega16u2.o
__vector_7                                        /home/urjaman/avrtc-test/lib/gcc/avr/5.1.1/../../../../avr/lib/avr35/crtatmega16u2.o
__vector_8                                        /home/urjaman/avrtc-test/lib/gcc/avr/5.1.1/../../../../avr/lib/avr35/crtatmega16u2.o
__vector_9                                        /home/urjaman/avrtc-test/lib/gcc/avr/5.1.1/../../../../avr/lib/avr35/crtatmega16u2.o
__vector_default                                  /home/urjaman/avrtc-test/lib/gcc/avr/5.1.1/../../../../avr/lib/avr35/crtatmega16u2.o
__vectors                                         /home/urjaman/avrtc-test/lib/gcc/avr/5.1.1/../../../../avr/lib/avr35/crtatmega16u2.o
_exit                                             /home/urjaman/avrtc-test/lib/gcc/avr/5.1.1/avr35/libgcc.a(_exit.o)
eeprom_read_byte                                  /home/urjaman/avrtc-test/lib/gcc/avr/5.1.1/../../../../avr/lib/avr35/libatmega16u2.a(eerd_byte.o)
                                                  USB-Drivers/Endpoint.o (symbol from plugin)
eeprom_update_byte                                /home/urjaman/avrtc-test/lib/gcc/avr/5.1.1/../../../../avr/lib/avr35/libatmega16u2.a(eeupd_byte.o)
                                                  USB-Drivers/Endpoint.o (symbol from plugin)
eeprom_update_r18                                 /home/urjaman/avrtc-test/lib/gcc/avr/5.1.1/../../../../avr/lib/avr35/libatmega16u2.a(eeupd_byte.o)
exit                                              /home/urjaman/avrtc-test/lib/gcc/avr/5.1.1/avr35/libgcc.a(_exit.o)
                                                  /home/urjaman/avrtc-test/lib/gcc/avr/5.1.1/../../../../avr/lib/avr35/crtatmega16u2.o
main                                              /tmp/cc8DoIZb.lto.o
                                                  fast-usbserial.o (symbol from plugin)
                                                  /home/urjaman/avrtc-test/lib/gcc/avr/5.1.1/../../../../avr/lib/avr35/crtatmega16u2.o
