   1               		.file	"Pipe.c"
   2               	__SP_H__ = 0x3e
   3               	__SP_L__ = 0x3d
   4               	__SREG__ = 0x3f
   5               	__tmp_reg__ = 0
   6               	__zero_reg__ = 1
   7               		.text
   8               	.Ltext0:
   9               		.section	.gnu.lto_.profile.e2e3436c263f6a54,"",@progbits
  10 0000 789C 6366 		.string	"x\234cf```d\200\002"
  10      6060 6064 
  10      8002 00
  11 000b 00        		.string	""
  12 000c 3D00      		.string	"="
  13 000e 05        		.ascii	"\005"
  14               		.text
  15               		.section	.gnu.lto_.inline.e2e3436c263f6a54,"",@progbits
  16 0000 789C 6366 		.string	"x\234cf\300\016\230\340,"
  16      C00E 98E0 
  16      2C00 
  17 000a 00        		.string	""
  18 000b 9C00      		.string	"\234"
  19 000d 06        		.ascii	"\006"
  20               		.text
  21               		.section	.gnu.lto_.pureconst.e2e3436c263f6a54,"",@progbits
  22 0000 789C 6366 		.string	"x\234cf```d\200\002"
  22      6060 6064 
  22      8002 00
  23 000b 00        		.string	""
  24 000c 3D00      		.string	"="
  25 000e 05        		.ascii	"\005"
  26               		.text
  27               		.section	.gnu.lto_.symbol_nodes.e2e3436c263f6a54,"",@progbits
  28 0000 789C 6366 		.string	"x\234cf```b\200\001"
  28      6060 6062 
  28      8001 00
  29 000b 00        		.string	""
  30 000c 4C00      		.string	"L"
  31 000e 06        		.ascii	"\006"
  32               		.text
  33               		.section	.gnu.lto_.refs.e2e3436c263f6a54,"",@progbits
  34 0000 789C 6366 		.string	"x\234cf```d\200\002"
  34      6060 6064 
  34      8002 00
  35 000b 00        		.string	""
  36 000c 3D00      		.string	"="
  37 000e 05        		.ascii	"\005"
  38               		.text
  39               		.section	.gnu.lto_.decls.e2e3436c263f6a54,"",@progbits
  40 0000 789C 6366 		.string	"x\234cf``P\001\342\377@"
  40      6060 5001 
  40      E2FF 4000 
  41 000c A418 18A1 		.string	"\244\030\030\2418\200\201"
  41      3880 8100 
  42 0014 00        		.string	""
  43 0015 00        		.string	""
  44 0016 D038 0476 		.ascii	"\3208\004v"
  45               		.text
  46               		.section	.gnu.lto_.symtab.e2e3436c263f6a54,"",@progbits
  47               		.text
  48               		.section	.gnu.lto_.opts,"",@progbits
  49 0000 272D 666E 		.string	"'-fno-trapv' '-mmcu=atmega16u2' '-gdwarf-2' '-O3' '-funsigned-char' '-fpack-struct' '-fno
  49      6F2D 7472 
  49      6170 7627 
  49      2027 2D6D 
  49      6D63 753D 
  50               		.text
  51               		.comm	__gnu_lto_v1,1,1
  52               		.comm	__gnu_lto_slim,1,1
  53               		.ident	"GCC: (GNU) 4.9.2 20141224 (prerelease)"
DEFINED SYMBOLS
                            *ABS*:0000000000000000 Pipe.c
     /tmp/cc2byvOS.s:2      *ABS*:000000000000003e __SP_H__
     /tmp/cc2byvOS.s:3      *ABS*:000000000000003d __SP_L__
     /tmp/cc2byvOS.s:4      *ABS*:000000000000003f __SREG__
     /tmp/cc2byvOS.s:5      *ABS*:0000000000000000 __tmp_reg__
     /tmp/cc2byvOS.s:6      *ABS*:0000000000000001 __zero_reg__
                            *COM*:0000000000000001 __gnu_lto_v1
                            *COM*:0000000000000001 __gnu_lto_slim

NO UNDEFINED SYMBOLS
